mode: set
/home/spendlively/vhosts/snippets/go/tests/foobar/count.go:3.35,5.25 2 1
/home/spendlively/vhosts/snippets/go/tests/foobar/count.go:10.5,10.15 1 1
/home/spendlively/vhosts/snippets/go/tests/foobar/count.go:5.25,6.19 1 1
/home/spendlively/vhosts/snippets/go/tests/foobar/count.go:6.19,8.10 1 1
